// Jest Snapshot v1, https://goo.gl/fbAQLP

exports[`Tabs renders correctly 1`] = `
<ul
  className="myTab"
>
  <li>
    tab1
  </li>
  <li>
    tab2
  </li>
  <li>
    tab3
  </li>
  <li>
    tab4
  </li>
</ul>
`;
